SB: %24 %01%00FO%02%02O%03B%02%01AR
ENVIRON: %01 ->
  VAR FOO
  USERVAR BAR
