SB: %24 %01%00FOO%03BAR
ENVIRON: %01 ->
  VAR FOO
  USERVAR BAR
SB: %24 %01
ENVIRON: %01 ->
